// Jest Snapshot v1, https://goo.gl/fbAQLP

exports[`renders correctly 1`] = `
<div>
  <div
    class="header-hero-info"
  >
    <div
      class="gradient-overlay"
    >
      <img
        src="undefined/detail.undefined"
      />
      <span />
    </div>
    <div
      class="top-left"
    >
      <p
        class="hero-name"
      />
      <p
        class="hero-description"
      />
    </div>
  </div>
</div>
`;
