// Jest Snapshot v1, https://goo.gl/fbAQLP

exports[`renders correctly 1`] = `
<div>
  <div
    class="left-icon undefined"
  >
    <svg
      height="20px"
      width="20px"
    >
      <use
        xlink:href="icons.svg#icon-ic_busca"
      />
    </svg>
    <input
      placeholder="Procure por heróis"
      type="text"
    />
  </div>
</div>
`;
