// Jest Snapshot v1, https://goo.gl/fbAQLP

exports[`renders correctly 1`] = `
<div>
  <div
    class="App"
  >
    <img
      alt="Marvel Search Heroes"
      class="App-logo"
      src="logo.svg"
    />
    <h1
      class="title"
    >
      explore o universo
    </h1>
    <p
      class="subtitle"
    >
      Mergulhe no domínio deslumbrante de todos os personagens clássicos que você ama - e aqueles que você descobrirá em breve!
    </p>
    <div
      class="left-inner-addon"
    >
      <svg
        height="20px"
        width="20px"
      >
        <use
          xlink:href="icons.svg#icon-ic_busca"
        />
      </svg>
      <input
        placeholder="Procure por heróis"
        type="text"
      />
    </div>
    <section
      class="options-bar"
    >
      <p
        class="horoes-found"
      >
        Encontramos undefined heróis
      </p>
      <div>
        <svg
          height="27"
          width="18"
        >
          <use
            xlink:href="icons.svg#icon-ic_heroi"
          />
        </svg>
        <span>
          Ordernar por nome - A/Z
        </span>
        <div
          class="wrg-toggle wrg-toggle--checked"
        >
          <div
            class="wrg-toggle-container"
          />
          <div
            class="wrg-toggle-circle"
          />
          <input
            aria-label="Toggle Button"
            class="wrg-toggle-input"
            type="checkbox"
          />
        </div>
      </div>
      <button>
        Somente favoritos
      </button>
    </section>
    <div>
      <ul
        class="container"
      />
    </div>
    <div
      class="footer-bar"
    />
  </div>
</div>
`;
