// Jest Snapshot v1, https://goo.gl/fbAQLP

exports[`renders correctly 1`] = `
<div>
  <div
    class="App"
  >
    <h1
      class="title"
    >
      explore o universo
    </h1>
    <p
      class="subtitle"
    >
      Mergulhe no domínio deslumbrante de todos os personagens clássicos que você ama - e aqueles que você descobrirá em breve!
    </p>
    <div>
      <input
        placeholder="Pesquisaê"
        type="text"
      />
    </div>
    <div>
      <p>
        Encontramos undefined heróis
      </p>
      <button>
        Ordernar por nome - A/Z
      </button>
      <button>
        Somente favoritos
      </button>
    </div>
    <div>
      <ul
        class="container"
      />
    </div>
    <div
      class="footer-bar"
    />
  </div>
</div>
`;
